// Jest Snapshot v1, https://goo.gl/fbAQLP

exports[`Testing Header Component should render correctly 1`] = `
ShallowWrapper {
  Symbol(enzyme.__root__): [Circular],
  Symbol(enzyme.__unrendered__): <Header />,
  Symbol(enzyme.__renderer__): Object {
    "batchedUpdates": [Function],
    "checkPropTypes": [Function],
    "getNode": [Function],
    "render": [Function],
    "simulateError": [Function],
    "simulateEvent": [Function],
    "unmount": [Function],
  },
  Symbol(enzyme.__node__): Object {
    "instance": null,
    "key": undefined,
    "nodeType": "host",
    "props": Object {
      "children": <div
        className="nav-wrapper grey lighten-5"
>
        <a
                className="brand-logo"
                href="/"
        >
                <img
                        alt="Logo colmeia"
                        id="logo"
                        src="https://aulascolmeia.com.br/img/header-logo.png"
                />
        </a>
        <ul
                className="right"
        />
</div>,
    },
    "ref": null,
    "rendered": Object {
      "instance": null,
      "key": undefined,
      "nodeType": "host",
      "props": Object {
        "children": Array [
          <a
            className="brand-logo"
            href="/"
>
            <img
                        alt="Logo colmeia"
                        id="logo"
                        src="https://aulascolmeia.com.br/img/header-logo.png"
            />
</a>,
          <ul
            className="right"
/>,
        ],
        "className": "nav-wrapper grey lighten-5",
      },
      "ref": null,
      "rendered": Array [
        Object {
          "instance": null,
          "key": undefined,
          "nodeType": "host",
          "props": Object {
            "children": <img
              alt="Logo colmeia"
              id="logo"
              src="https://aulascolmeia.com.br/img/header-logo.png"
/>,
            "className": "brand-logo",
            "href": "/",
          },
          "ref": null,
          "rendered": Object {
            "instance": null,
            "key": undefined,
            "nodeType": "host",
            "props": Object {
              "alt": "Logo colmeia",
              "id": "logo",
              "src": "https://aulascolmeia.com.br/img/header-logo.png",
            },
            "ref": null,
            "rendered": null,
            "type": "img",
          },
          "type": "a",
        },
        Object {
          "instance": null,
          "key": undefined,
          "nodeType": "host",
          "props": Object {
            "className": "right",
          },
          "ref": null,
          "rendered": null,
          "type": "ul",
        },
      ],
      "type": "div",
    },
    "type": "nav",
  },
  Symbol(enzyme.__nodes__): Array [
    Object {
      "instance": null,
      "key": undefined,
      "nodeType": "host",
      "props": Object {
        "children": <div
          className="nav-wrapper grey lighten-5"
>
          <a
                    className="brand-logo"
                    href="/"
          >
                    <img
                              alt="Logo colmeia"
                              id="logo"
                              src="https://aulascolmeia.com.br/img/header-logo.png"
                    />
          </a>
          <ul
                    className="right"
          />
</div>,
      },
      "ref": null,
      "rendered": Object {
        "instance": null,
        "key": undefined,
        "nodeType": "host",
        "props": Object {
          "children": Array [
            <a
              className="brand-logo"
              href="/"
>
              <img
                            alt="Logo colmeia"
                            id="logo"
                            src="https://aulascolmeia.com.br/img/header-logo.png"
              />
</a>,
            <ul
              className="right"
/>,
          ],
          "className": "nav-wrapper grey lighten-5",
        },
        "ref": null,
        "rendered": Array [
          Object {
            "instance": null,
            "key": undefined,
            "nodeType": "host",
            "props": Object {
              "children": <img
                alt="Logo colmeia"
                id="logo"
                src="https://aulascolmeia.com.br/img/header-logo.png"
/>,
              "className": "brand-logo",
              "href": "/",
            },
            "ref": null,
            "rendered": Object {
              "instance": null,
              "key": undefined,
              "nodeType": "host",
              "props": Object {
                "alt": "Logo colmeia",
                "id": "logo",
                "src": "https://aulascolmeia.com.br/img/header-logo.png",
              },
              "ref": null,
              "rendered": null,
              "type": "img",
            },
            "type": "a",
          },
          Object {
            "instance": null,
            "key": undefined,
            "nodeType": "host",
            "props": Object {
              "className": "right",
            },
            "ref": null,
            "rendered": null,
            "type": "ul",
          },
        ],
        "type": "div",
      },
      "type": "nav",
    },
  ],
  Symbol(enzyme.__options__): Object {
    "adapter": ReactSixteenAdapter {
      "options": Object {
        "enableComponentDidUpdateOnSetState": true,
        "legacyContextMode": "parent",
        "lifecycles": Object {
          "componentDidUpdate": Object {
            "onSetState": true,
          },
          "getChildContext": Object {
            "calledByRenderer": false,
          },
          "getDerivedStateFromError": false,
          "getDerivedStateFromProps": Object {
            "hasShouldComponentUpdateBug": false,
          },
          "getSnapshotBeforeUpdate": true,
          "setState": Object {
            "skipsComponentDidUpdateOnNullish": true,
          },
        },
      },
    },
    Symbol(enzyme.__providerValues__): undefined,
  },
  Symbol(enzyme.__providerValues__): Map {},
}
`;
